❌ id: fix_car
   status: not-started
   priority: high
   deadline: 2024-06-22 12:15:00 UTC
   description: Car needs brakes fixed

❌ id: groceries
   status: blocked: <fix_car>, <paycheck>, 'store closed'
   priority: high

  ❌ id: bananas
     status: not-started
     priority: high

  ❌ id: apples
     status: not-started
     priority: normal

❌ id: paycheck
   status: in-progress
   priority: high
   deadline: 2024-08-12 12:00:00

✅ id: walk_dog
   status: completed
   priority: normal
   deadline: 2024-04-10

❌ id: haircut
   status: not-started
   priority: low

❌ id: soccer_match
   status: blocked: <fix_car>, <groceries>
   priority: low

  ❌ id: equipment
     status: blocked: <fix_car>
     priority: normal

    ❌ id: ball
       status: blocked: <fix_car>
       priority: normal

    ❌ id: cleats
       status: blocked: <fix_car>
       priority: normal
       description: Get cleats

  ❌ id: pack_bananas
     status: blocked: <groceries>
     priority: normal


