Found task(s):


⛔ id: g
   status: blocked: <t2>
   priority: normal

  ⛔ id: s2
     status: blocked: <t2>
     priority: normal

  🚧 id: s1
     status: in-progress
     priority: normal

⛔ id: t2
   status: blocked: <s1>
   priority: normal


Are you sure you want to delete (y/n)? 

Successfully deleted tasks(s). New index:


🚧 id: t1
   status: in-progress
   priority: normal


